../Drivers/CMSIS/Include/core_cm4.h:1667:26:__NVIC_GetPriorityGrouping	4	static
../Drivers/CMSIS/Include/core_cm4.h:1679:22:__NVIC_EnableIRQ	16	static,ignoring_inline_asm
../Drivers/CMSIS/Include/core_cm4.h:1809:22:__NVIC_SetPriority	16	static
../Drivers/CMSIS/Include/core_cm4.h:1856:26:NVIC_EncodePriority	40	static
../Drivers/STM32WBxx_HAL_Driver/Inc/stm32wbxx_ll_bus.h:539:22:LL_AHB2_GRP1_EnableClock	24	static
../Drivers/STM32WBxx_HAL_Driver/Inc/stm32wbxx_ll_bus.h:939:22:LL_APB1_GRP1_EnableClock	24	static
../Drivers/STM32WBxx_HAL_Driver/Inc/stm32wbxx_ll_bus.h:1274:22:LL_APB2_GRP1_EnableClock	24	static
../Drivers/STM32WBxx_HAL_Driver/Inc/stm32wbxx_ll_hsem.h:233:26:LL_HSEM_1StepLock	16	static
../Drivers/STM32WBxx_HAL_Driver/Inc/stm32wbxx_ll_tim.h:1652:22:LL_TIM_DisableARRPreload	16	static
../Drivers/STM32WBxx_HAL_Driver/Inc/stm32wbxx_ll_tim.h:3240:22:LL_TIM_SetClockSource	16	static
../Drivers/STM32WBxx_HAL_Driver/Inc/stm32wbxx_ll_tim.h:3286:22:LL_TIM_SetTriggerOutput	16	static
../Drivers/STM32WBxx_HAL_Driver/Inc/stm32wbxx_ll_tim.h:3383:22:LL_TIM_DisableMasterSlaveMode	16	static
../Core/Src/main.c:80:5:main	8	static
../Core/Src/main.c:145:6:SystemClock_Config	112	static
../Core/Src/main.c:206:6:PeriphCommonClock_Config	88	static
../Core/Src/main.c:231:13:MX_I2C1_Init	8	static
../Core/Src/main.c:279:13:MX_IPCC_Init	8	static
../Core/Src/main.c:305:13:MX_RF_Init	4	static
../Core/Src/main.c:326:13:MX_RTC_Init	8	static
../Core/Src/main.c:362:13:MX_TIM2_Init	32	static
../Core/Src/main.c:400:13:MX_TIM16_Init	32	static
../Core/Src/main.c:437:13:MX_USART1_UART_Init	8	static
../Core/Src/main.c:485:13:MX_GPIO_Init	32	static
../Core/Src/main.c:561:6:Error_Handler	4	static,ignoring_inline_asm
