../Core/Src/stm32wbxx_it.c:73:6:NMI_Handler	4	static
../Core/Src/stm32wbxx_it.c:88:6:HardFault_Handler	4	static
../Core/Src/stm32wbxx_it.c:103:6:MemManage_Handler	4	static
../Core/Src/stm32wbxx_it.c:118:6:BusFault_Handler	4	static
../Core/Src/stm32wbxx_it.c:133:6:UsageFault_Handler	4	static
../Core/Src/stm32wbxx_it.c:148:6:SVC_Handler	4	static
../Core/Src/stm32wbxx_it.c:161:6:DebugMon_Handler	4	static
../Core/Src/stm32wbxx_it.c:174:6:PendSV_Handler	4	static
../Core/Src/stm32wbxx_it.c:187:6:SysTick_Handler	8	static
../Core/Src/stm32wbxx_it.c:208:6:EXTI0_IRQHandler	8	static
../Core/Src/stm32wbxx_it.c:222:6:EXTI1_IRQHandler	8	static
../Core/Src/stm32wbxx_it.c:236:6:EXTI2_IRQHandler	8	static
../Core/Src/stm32wbxx_it.c:250:6:EXTI3_IRQHandler	8	static
../Core/Src/stm32wbxx_it.c:264:6:EXTI4_IRQHandler	8	static
../Core/Src/stm32wbxx_it.c:278:6:USB_LP_IRQHandler	8	static
../Core/Src/stm32wbxx_it.c:292:6:EXTI9_5_IRQHandler	8	static
../Core/Src/stm32wbxx_it.c:308:6:TIM1_UP_TIM16_IRQHandler	4	static
../Core/Src/stm32wbxx_it.c:322:6:TIM2_IRQHandler	8	static
../Core/Src/stm32wbxx_it.c:335:6:I2C1_EV_IRQHandler	8	static
../Core/Src/stm32wbxx_it.c:349:6:I2C1_ER_IRQHandler	8	static
../Core/Src/stm32wbxx_it.c:363:6:USART1_IRQHandler	8	static
../Core/Src/stm32wbxx_it.c:377:6:EXTI15_10_IRQHandler	8	static
../Core/Src/stm32wbxx_it.c:392:6:IPCC_C1_RX_IRQHandler	8	static
../Core/Src/stm32wbxx_it.c:406:6:IPCC_C1_TX_IRQHandler	8	static
../Core/Src/stm32wbxx_it.c:420:6:HSEM_IRQHandler	8	static
