../Drivers/STM32WBxx_HAL_Driver/Inc/stm32wbxx_ll_tim.h:1461:22:LL_TIM_EnableCounter	16	static
../Drivers/STM32WBxx_HAL_Driver/Inc/stm32wbxx_ll_tim.h:1472:22:LL_TIM_DisableCounter	16	static
../Drivers/STM32WBxx_HAL_Driver/Inc/stm32wbxx_ll_tim.h:1483:26:LL_TIM_IsEnabledCounter	16	static
../Drivers/STM32WBxx_HAL_Driver/Inc/stm32wbxx_ll_tim.h:1714:22:LL_TIM_SetCounter	16	static
../Drivers/STM32WBxx_HAL_Driver/Inc/stm32wbxx_ll_tim.h:1727:26:LL_TIM_GetCounter	16	static
../Drivers/STM32WBxx_HAL_Driver/Inc/stm32wbxx_ll_tim.h:4019:22:LL_TIM_ClearFlag_UPDATE	16	static
../Drivers/STM32WBxx_HAL_Driver/Inc/stm32wbxx_ll_tim.h:4382:22:LL_TIM_EnableIT_UPDATE	16	static
../Drivers/STM32WBxx_HAL_Driver/Inc/stm32wbxx_ll_tim.h:4393:22:LL_TIM_DisableIT_UPDATE	16	static
../App/src/sensor.c:43:5:Sensor_getPos	24	static
../App/src/sensor.c:91:7:Sensor_getSpeed	16	static
../App/src/sensor.c:102:14:Sensor_newValue	4	static
../App/src/sensor.c:107:6:Sensor_clear	8	static
../App/src/sensor.c:114:6:HAL_GPIO_EXTI_Callback	16	static
../App/src/sensor.c:188:6:timer2UpdateISR	8	static
../App/src/sensor.c:206:6:timer16UpdateISR	8	static
../App/src/sensor.c:216:6:disableExternalInterrupt	8	static
../App/src/sensor.c:233:6:clearAllExtInterrupts	16	static
../App/src/sensor.c:244:6:enableExternalInterrupt	8	static
