22:10:04 **** Incremental Build of configuration Debug for project BleTarget ****
make -j8 all 
arm-none-eabi-gcc "../App/src/i2c_master.c" -mcpu=cortex-m4 -std=gnu11 -g3 -DDEBUG -DUSE_HAL_DRIVER -DSTM32WB55xx -DUSE_FULL_LL_DRIVER -c -I../Core/Inc -I../Drivers/STM32WBxx_HAL_Driver/Inc -I../Drivers/STM32WBxx_HAL_Driver/Inc/Legacy -I../Drivers/CMSIS/Device/ST/STM32WBxx/Include -I../Drivers/CMSIS/Include -I../STM32_WPAN/App -I../USB_Device/App -I../USB_Device/Target -I../Utilities/lpm/tiny_lpm -I../Middlewares/ST/STM32_WPAN -I../Middlewares/ST/STM32_WPAN/interface/patterns/ble_thread -I../Middlewares/ST/STM32_WPAN/interface/patterns/ble_thread/tl -I../Middlewares/ST/STM32_WPAN/interface/patterns/ble_thread/shci -I../Middlewares/ST/STM32_WPAN/utilities -I../Middlewares/ST/STM32_WPAN/ble/core -I../Middlewares/ST/STM32_WPAN/ble/core/auto -I../Middlewares/ST/STM32_WPAN/ble/core/template -I../Middlewares/ST/STM32_WPAN/ble/svc/Inc -I../Middlewares/ST/STM32_WPAN/ble/svc/Src -I../Middlewares/ST/STM32_USB_Device_Library/Core/Inc -I../Middlewares/ST/STM32_USB_Device_Library/Class/CDC/Inc -I../Middlewares/ST/STM32_WPAN/ble -I../Utilities/sequencer -I"/home/mlundh/BLEtarget/fw/BleTarget/App" -O0 -ffunction-sections -fdata-sections -Wall -fstack-usage -fcyclomatic-complexity -MMD -MP -MF"App/src/i2c_master.d" -MT"App/src/i2c_master.o" --specs=nano.specs -mfpu=fpv4-sp-d16 -mfloat-abi=hard -mthumb -o "App/src/i2c_master.o"
arm-none-eabi-gcc -o "BleTarget.elf" @"objects.list"   -mcpu=cortex-m4 -T"/home/mlundh/BLEtarget/fw/BleTarget/STM32WB55CEUX_FLASH.ld" --specs=nosys.specs -Wl,-Map="BleTarget.map" -Wl,--gc-sections -static --specs=nano.specs -mfpu=fpv4-sp-d16 -mfloat-abi=hard -mthumb -Wl,--start-group -lc -lm -Wl,--end-group
Finished building target: BleTarget.elf
 
arm-none-eabi-size  BleTarget.elf 
arm-none-eabi-objdump -h -S BleTarget.elf  > "BleTarget.list"
   text	   data	    bss	    dec	    hex	filename
  79716	   2633	   9967	  92316	  1689c	BleTarget.elf
Finished building: default.size.stdout
 
Finished building: BleTarget.list
 

22:10:05 Build Finished. 0 errors, 0 warnings. (took 892ms)

